Microchip Technology Inc, v2.10 (A)

Tool Name:
  c:\program files\microchip\xc16\v2.10\bin\bin\..\bin/elf-ld.exe

Command:
  -TC:\\Users\\FOMONS~1\\AppData\\Local\\Temp\\tmp000006a8.00 \
  -TC:\\Users\\FOMONS~1\\AppData\\Local\\Temp\\tmp000006a8.01 \
  -TC:\\Users\\FOMONS~1\\AppData\\Local\\Temp\\tmp000006a8.02 \
  -TC:\\Users\\FOMONS~1\\AppData\\Local\\Temp\\tmp000006a8.03 \
  -TC:\\Users\\FOMONS~1\\AppData\\Local\\Temp\\tmp000006a8.04 \
  -p24FJ64GB002 \
  -o \
  dist/XC16_24FJ256GA110/debug/pic24FJ64GB002.X.debug.elf \
  -Lc:/program files/microchip/xc16/v2.10/bin/bin/.. \
  -Lc:/program files/microchip/xc16/v2.10/bin/bin/../../lib \
  -Lc:/program files/microchip/xc16/v2.10/bin/bin/../../support/PIC24E/gld \
  -Lc:/program files/microchip/xc16/v2.10/bin/bin/../../support/PIC24F/gld \
  -Lc:/program files/microchip/xc16/v2.10/bin/bin/../../support/PIC24H/gld \
  -Lc:/program files/microchip/xc16/v2.10/bin/bin/../../support/dsPIC30F/gld \
  -Lc:/program files/microchip/xc16/v2.10/bin/bin/../../support/dsPIC33C/gld \
  -Lc:/program files/microchip/xc16/v2.10/bin/bin/../../support/dsPIC33E/gld \
  -Lc:/program files/microchip/xc16/v2.10/bin/bin/../../support/dsPIC33F/gld \
  build/XC16_24FJ256GA110/debug/_ext/695812370/ff.o \
  build/XC16_24FJ256GA110/debug/interrupts.o \
  build/XC16_24FJ256GA110/debug/_ext/695812370/diskio.o \
  build/XC16_24FJ256GA110/debug/_ext/1510298835/mcc.o \
  build/XC16_24FJ256GA110/debug/_ext/695812370/ccsbcs.o \
  build/XC16_24FJ256GA110/debug/_ext/794497298/usb_config.o \
  build/XC16_24FJ256GA110/debug/_ext/95349475/usb_hal_pic24f.o \
  build/XC16_24FJ256GA110/debug/_ext/95349475/usb_host.o \
  build/XC16_24FJ256GA110/debug/_ext/95349475/usb_host_hid.o \
  build/XC16_24FJ256GA110/debug/_ext/95349475/usb_host_hid_parser.o \
  build/XC16_24FJ256GA110/debug/main.o \
  build/XC16_24FJ256GA110/debug/system.o \
  build/XC16_24FJ256GA110/debug/traps.o \
  build/XC16_24FJ256GA110/debug/user.o \
  build/XC16_24FJ256GA110/debug/_ext/794497298/app_host_hid_keyboard.o \
  --defsym=__MPLAB_BUILD=1 \
  --defsym=__MPLAB_DEBUG=1 \
  --defsym=__DEBUG=1 \
  --defsym=__MPLAB_DEBUGGER_PK3=1 \
  -Tp24FJ64GB002.gld.05 \
  --heap=2000 \
  --stack=16 \
  --check-sections \
  --data-init \
  --pack-data \
  --handles \
  --isr \
  --no-gc-sections \
  --fill-upper=0 \
  --stackguard=16 \
  --no-force-link \
  --smart-io \
  -Map=dist/XC16_24FJ256GA110/debug/pic24FJ64GB002.X.debug.map \
  --report-mem \
  --memorysummary \
  dist/XC16_24FJ256GA110/debug/memoryfile.xml \
  -start-group \
  --library=c99-pic30-elf \
  --library=m-elf \
  --library=c99-elf \
  -end-group \


Optional library libpPIC24Fxxx.a not found
Archive member included because of file (symbol)

c:/program files/microchip/xc16/v2.10/bin/bin/../../lib\libc99-pic30-elf.a(crt0_standard.o)
                              (__resetPRI)
c:/program files/microchip/xc16/v2.10/bin/bin/../../lib\libc99-pic30-elf.a(data_init_standard.o)
                              c:/program files/microchip/xc16/v2.10/bin/bin/../../lib\libc99-pic30-elf.a(crt0_standard.o) (__data_init_standard)
c:/program files/microchip/xc16/v2.10/bin/bin/../../lib\libc99-pic30-elf.a(crt_start_mode_normal.Meo)
                              (__crt_start_mode_normal)
c:/program files/microchip/xc16/v2.10/bin/bin/../../lib\libc99-pic30-elf.a(delay32.Meo)
                              build/XC16_24FJ256GA110/debug/_ext/695812370/diskio.o (___delay32)
c:/program files/microchip/xc16/v2.10/bin/bin/../../lib\libc99-pic30-elf.a(udivsi3.XX_o)
                              build/XC16_24FJ256GA110/debug/_ext/695812370/ff.o (___udivsi3)
c:/program files/microchip/xc16/v2.10/bin/bin/../../lib\libc99-elf.a(lite_free.XX_o)
                              build/XC16_24FJ256GA110/debug/_ext/95349475/usb_host.o (_free)
c:/program files/microchip/xc16/v2.10/bin/bin/../../lib\libc99-elf.a(lite_malloc.XX_o)
                              build/XC16_24FJ256GA110/debug/_ext/95349475/usb_host.o (_malloc)
c:/program files/microchip/xc16/v2.10/bin/bin/../../lib\libc99-elf.a(memcpy.XX_o)
                              build/XC16_24FJ256GA110/debug/user.o (_memcpy)
c:/program files/microchip/xc16/v2.10/bin/bin/../../lib\libc99-elf.a(strcpy.XX_o)
                              build/XC16_24FJ256GA110/debug/user.o (_strcpy)
c:/program files/microchip/xc16/v2.10/bin/bin/../../lib\libc99-elf.a(strlen.XX_o)
                              build/XC16_24FJ256GA110/debug/user.o (_strlen)
c:/program files/microchip/xc16/v2.10/bin/bin/../../lib\libc99-elf.a(strrchr.XX_o)
                              build/XC16_24FJ256GA110/debug/user.o (_strrchr)
c:/program files/microchip/xc16/v2.10/bin/bin/../../lib\libc99-elf.a(__errno_location.XX_o)
                              c:/program files/microchip/xc16/v2.10/bin/bin/../../lib\libc99-elf.a(lite_malloc.XX_o) (___errno_val)
c:/program files/microchip/xc16/v2.10/bin/bin/../../lib\libc99-elf.a(expand_heap.XX_o)
[...]
Memory Configuration

Name             Origin             Length             Attributes
data             0x000800           0x002000           a !xr
reset            0x000000           0x000004  
ivt              0x000004           0x0000fc  
_reserved        0x000100           0x000004  
aivt             0x000104           0x0000fc  
program          0x000200           0x00a9f8           xr
CONFIG4          0x00abf8           0x000002  
CONFIG3          0x00abfa           0x000002  
CONFIG2          0x00abfc           0x000002  
CONFIG1          0x00abfe           0x000002  
*default*        0x000000           0xffffffff  

Linker script and memory map


reserve_data_0x800
                    0x0800         0x20
                    0x0820                  . = 0x20
 *fill*             0x0800         0x2000

reserve_data_0x820
                    0x0820          0x2
                    0x0822                  . = 0x2
 *fill*             0x0820          0x200

reserve_data_0x822
                    0x0822          0x2
                    0x0824                  . = 0x2
 *fill*             0x0822          0x200

reserve_data_0x824
                    0x0824          0x2
                    0x0826                  . = 0x2
 *fill*             0x0824          0x200

reserve_data_0x826
                    0x0826         0x2a
                    0x0850                  . = 0x2a
 *fill*             0x0826         0x2a00
LOAD build/XC16_24FJ256GA110/debug/_ext/695812370/ff.o
LOAD build/XC16_24FJ256GA110/debug/interrupts.o
LOAD build/XC16_24FJ256GA110/debug/_ext/695812370/diskio.o
LOAD build/XC16_24FJ256GA110/debug/_ext/1510298835/mcc.o
LOAD build/XC16_24FJ256GA110/debug/_ext/695812370/ccsbcs.o
LOAD build/XC16_24FJ256GA110/debug/_ext/794497298/usb_config.o
LOAD build/XC16_24FJ256GA110/debug/_ext/95349475/usb_hal_pic24f.o
LOAD build/XC16_24FJ256GA110/debug/_ext/95349475/usb_host.o
LOAD build/XC16_24FJ256GA110/debug/_ext/95349475/usb_host_hid.o
LOAD build/XC16_24FJ256GA110/debug/_ext/95349475/usb_host_hid_parser.o
LOAD build/XC16_24FJ256GA110/debug/main.o
LOAD build/XC16_24FJ256GA110/debug/system.o
LOAD build/XC16_24FJ256GA110/debug/traps.o
LOAD build/XC16_24FJ256GA110/debug/user.o
LOAD build/XC16_24FJ256GA110/debug/_ext/794497298/app_host_hid_keyboard.o
                    0x0001                  __MPLAB_BUILD = 0x1
                    0x0001                  __MPLAB_DEBUG = 0x1
                    0x0001                  __DEBUG = 0x1
                    0x0001                  __MPLAB_DEBUGGER_PK3 = 0x1
LOAD pPIC24Fxxx
LOAD c:/program files/microchip/xc16/v2.10/bin/bin/../../lib\libfx-elf.a
                    0xabf8                  __CONFIG4 = 0xabf8
                    0xabfa                  __CONFIG3 = 0xabfa
                    0xabfc                  __CONFIG2 = 0xabfc
                    0xabfe                  __CONFIG1 = 0xabfe
                    0x0001                  __NO_HANDLES = 0x1
                    0x0200                  __CODE_BASE = 0x200
                    0xa9f8                  __CODE_LENGTH = 0xa9f8
                    0x0004                  __IVT_BASE = 0x4
                    0x0104                  __AIVT_BASE = 0x104
                    0x0800                  __DATA_BASE = 0x800
                    0x2000                  __DATA_LENGTH = 0x2000

.reset            0x000000          0x4
                  0x000000          0x2 SHORT 0x200 ABSOLUTE (__reset)
                  0x000001          0x2 SHORT 0x4
                  0x000002          0x2 SHORT 0x0 ((ABSOLUTE (__reset) >> 0x10) & 0x7f)
                  0x000003          0x2 SHORT 0x0

.text             0x000200        0x39a
 *(.init)
 .init            0x000200         0x4c c:/program files/microchip/xc16/v2.10/bin/bin/../../lib\libc99-pic30-elf.a(crt0_standard.o)
                  0x000200                  __resetPRI
                  0x000200                  __reset
                  0x00023c                  __psv_init
 .init            0x00024c         0x7c c:/program files/microchip/xc16/v2.10/bin/bin/../../lib\libc99-pic30-elf.a(data_init_standard.o)
                  0x000252                  __data_init_standard
                  0x000252                  __data_init
 *(.user_init)
 *(.handle)
 *(.isr*)
 .isr.text        0x0002d4         0x48 build/XC16_24FJ256GA110/debug/system.o
                  0x0002d4                  __USB1Interrupt
                  0x0002f4                  __T1Interrupt
 .isr.text        0x00031c         0x22 build/XC16_24FJ256GA110/debug/traps.o
                  0x00031c                  __OscillatorFail
                  0x000320                  __AddressError
                  0x000324                  __StackError
                  0x000328                  __MathError
                  0x00032c                  __AltOscillatorFail
                  0x000330                  __AltAddressError
                  0x000334                  __AltStackError
                  0x000338                  __AltMathError
                  0x00033c                  __DefaultInterrupt
 *(.libc)
 .libc            0x00033e         0x2a c:/program files/microchip/xc16/v2.10/bin/bin/../../lib\libc99-pic30-elf.a(sbrk.Meo)
                  0x00033e                  _sbrk
 .libc            0x000368         0x1a c:/program files/microchip/xc16/v2.10/bin/bin/../../lib\libc99-pic30-elf.a(brk.Meo)
                  0x000368                  _brk
 *(.libm)
 *(.libdsp)
 *(.lib*)
 .libpic30_crt_start_mode
                  0x000382          0x2 c:/program files/microchip/xc16/v2.10/bin/bin/../../lib\libc99-pic30-elf.a(crt_start_mode_normal.Meo)
                  0x000382                  __crt_start_mode
                  0x000382                  __crt_start_mode_normal
 .libm.udivsi3    0x000384         0x20 c:/program files/microchip/xc16/v2.10/bin/bin/../../lib\libc99-pic30-elf.a(udivsi3.XX_o)
                  0x000384                  ___udivsi3
 .libc.__simple_search_fl
                  0x0003a4         0x6e c:/program files/microchip/xc16/v2.10/bin/bin/../../lib\libc99-elf.a(lite_free.XX_o)
                  0x0003a4                  ___simple_search_fl
 .libc.__simple_free
                  0x000412         0x36 c:/program files/microchip/xc16/v2.10/bin/bin/../../lib\libc99-elf.a(lite_free.XX_o)
                  0x000412                  ::_(float, long double,...)(...)(void)
                  0x000412                  ___simple_free
                  0x000412                  _free
 .libc.__simple_malloc
                  0x000448         0x86 c:/program files/microchip/xc16/v2.10/bin/bin/../../lib\libc99-elf.a(lite_malloc.XX_o)
                  0x000448                  ___malloc0
                  0x000448                  _malloc
                  0x000448                  ___simple_malloc
 .libc.memcpy     0x0004ce          0xe c:/program files/microchip/xc16/v2.10/bin/bin/../../lib\libc99-elf.a(memcpy.XX_o)
                  0x0004ce                  _memcpy
 .libc.strcpy     0x0004dc          0xe c:/program files/microchip/xc16/v2.10/bin/bin/../../lib\libc99-elf.a(strcpy.XX_o)
                  0x0004dc                  _strcpy
 .libc.strlen     0x0004ea         0x30 c:/program files/microchip/xc16/v2.10/bin/bin/../../lib\libc99-elf.a(strlen.XX_o)
                  0x0004ea                  _strlen
 .libc.strrchr    0x00051a         0x12 c:/program files/microchip/xc16/v2.10/bin/bin/../../lib\libc99-elf.a(strrchr.XX_o)
                  0x00051a                  _strrchr
 .libc.__expand_heap
                  0x00052c         0x14 c:/program files/microchip/xc16/v2.10/bin/bin/../../lib\libc99-elf.a(expand_heap.XX_o)
                  0x00052c                  ___expand_heap
 .libc.__memrchr
                  0x000540         0x1a c:/program files/microchip/xc16/v2.10/bin/bin/../../lib\libc99-elf.a(memrchr.XX_o)
                  0x000540                  _memrchr
                  0x000540                  ___memrchr
 .libc.__stpcpy
                  0x00055a         0x40 c:/program files/microchip/xc16/v2.10/bin/bin/../../lib\libc99-elf.a(stpcpy.XX_o)
                  0x00055a                  ___stpcpy
                  0x00055a                  _stpcpy

usercode
 *(usercode)

__CONFIG4
 *(__CONFIG4.sec*)

__CONFIG3
 *(__CONFIG3.sec*)

__CONFIG2
 *(__CONFIG2.sec*)

__CONFIG1
 *(__CONFIG1.sec*)

.comment
 *(.comment)

.debug_info       0x000000      0x11e34
 *(.debug_info)
 .debug_info      0x000000       0x1a9a build/XC16_24FJ256GA110/debug/_ext/695812370/ff.o
 .debug_info      0x001a9a        0x12d build/XC16_24FJ256GA110/debug/interrupts.o
 .debug_info      0x001bc7        0x749 build/XC16_24FJ256GA110/debug/_ext/695812370/diskio.o
 .debug_info      0x002310        0x6b9 build/XC16_24FJ256GA110/debug/_ext/1510298835/mcc.o
 .debug_info      0x0029c9        0x256 build/XC16_24FJ256GA110/debug/_ext/695812370/ccsbcs.o
 .debug_info      0x002c1f        0x81c build/XC16_24FJ256GA110/debug/_ext/794497298/usb_config.o
 .debug_info      0x00343b        0x13e build/XC16_24FJ256GA110/debug/_ext/95349475/usb_hal_pic24f.o
 .debug_info      0x003579       0x3b6d build/XC16_24FJ256GA110/debug/_ext/95349475/usb_host.o
 .debug_info      0x0070e6       0x2523 build/XC16_24FJ256GA110/debug/_ext/95349475/usb_host_hid.o
 .debug_info      0x009609       0x1326 build/XC16_24FJ256GA110/debug/_ext/95349475/usb_host_hid_parser.o
 .debug_info      0x00a92f        0x19d build/XC16_24FJ256GA110/debug/main.o
 .debug_info      0x00aacc        0x896 build/XC16_24FJ256GA110/debug/system.o
 .debug_info      0x00b362        0x2f8 build/XC16_24FJ256GA110/debug/traps.o
 .debug_info      0x00b65a       0x28fc build/XC16_24FJ256GA110/debug/user.o
 .debug_info      0x00df56       0x3e51 build/XC16_24FJ256GA110/debug/_ext/794497298/app_host_hid_keyboard.o
 .debug_info      0x011da7         0x8d c:/program files/microchip/xc16/v2.10/bin/bin/../../lib\libc99-pic30-elf.a(udivsi3.XX_o)
 *(.gnu.linkonce.wi.*)

.debug_abbrev     0x000000       0x135d
 *(.debug_abbrev)
 .debug_abbrev    0x000000        0x13b build/XC16_24FJ256GA110/debug/_ext/695812370/ff.o
 .debug_abbrev    0x00013b         0x1f build/XC16_24FJ256GA110/debug/interrupts.o
 .debug_abbrev    0x00015a        0x160 build/XC16_24FJ256GA110/debug/_ext/695812370/diskio.o
 .debug_abbrev    0x0002ba        0x118 build/XC16_24FJ256GA110/debug/_ext/1510298835/mcc.o
 .debug_abbrev    0x0003d2         0x96 build/XC16_24FJ256GA110/debug/_ext/695812370/ccsbcs.o
 .debug_abbrev    0x000468        0x111 build/XC16_24FJ256GA110/debug/_ext/794497298/usb_config.o
 .debug_abbrev    0x000579         0x1d build/XC16_24FJ256GA110/debug/_ext/95349475/usb_hal_pic24f.o
 .debug_abbrev    0x000596        0x2f0 build/XC16_24FJ256GA110/debug/_ext/95349475/usb_host.o
 .debug_abbrev    0x000886        0x1e9 build/XC16_24FJ256GA110/debug/_ext/95349475/usb_host_hid.o
 .debug_abbrev    0x000a6f        0x246 build/XC16_24FJ256GA110/debug/_ext/95349475/usb_host_hid_parser.o
 .debug_abbrev    0x000cb5         0x59 build/XC16_24FJ256GA110/debug/main.o
 .debug_abbrev    0x000d0e        0x128 build/XC16_24FJ256GA110/debug/system.o
 .debug_abbrev    0x000e36         0x7d build/XC16_24FJ256GA110/debug/traps.o
 .debug_abbrev    0x000eb3        0x2c9 build/XC16_24FJ256GA110/debug/user.o
 .debug_abbrev    0x00117c        0x1cd build/XC16_24FJ256GA110/debug/_ext/794497298/app_host_hid_keyboard.o
 .debug_abbrev    0x001349         0x14 c:/program files/microchip/xc16/v2.10/bin/bin/../../lib\libc99-pic30-elf.a(udivsi3.XX_o)

.debug_line       0x000000       0x2641
 *(.debug_line)
 .debug_line      0x000000        0x6d5 build/XC16_24FJ256GA110/debug/_ext/695812370/ff.o
 .debug_line      0x0006d5         0x1a build/XC16_24FJ256GA110/debug/interrupts.o
 .debug_line      0x0006ef        0x283 build/XC16_24FJ256GA110/debug/_ext/695812370/diskio.o
 .debug_line      0x000972        0x159 build/XC16_24FJ256GA110/debug/_ext/1510298835/mcc.o
 .debug_line      0x000acb         0xdf build/XC16_24FJ256GA110/debug/_ext/695812370/ccsbcs.o
 .debug_line      0x000baa        0x104 build/XC16_24FJ256GA110/debug/_ext/794497298/usb_config.o
 .debug_line      0x000cae         0x1a build/XC16_24FJ256GA110/debug/_ext/95349475/usb_hal_pic24f.o
 .debug_line      0x000cc8        0x92b build/XC16_24FJ256GA110/debug/_ext/95349475/usb_host.o
 .debug_line      0x0015f3        0x3df build/XC16_24FJ256GA110/debug/_ext/95349475/usb_host_hid.o
 .debug_line      0x0019d2        0x31d build/XC16_24FJ256GA110/debug/_ext/95349475/usb_host_hid_parser.o
 .debug_line      0x001cef         0x9b build/XC16_24FJ256GA110/debug/main.o
 .debug_line      0x001d8a        0x14c build/XC16_24FJ256GA110/debug/system.o
 .debug_line      0x001ed6         0xe7 build/XC16_24FJ256GA110/debug/traps.o
 .debug_line      0x001fbd        0x3f5 build/XC16_24FJ256GA110/debug/user.o
 .debug_line      0x0023b2        0x24a build/XC16_24FJ256GA110/debug/_ext/794497298/app_host_hid_keyboard.o
 .debug_line      0x0025fc         0x45 c:/program files/microchip/xc16/v2.10/bin/bin/../../lib\libc99-pic30-elf.a(udivsi3.XX_o)

.debug_frame      0x000000       0x143a
 *(.debug_frame)
 .debug_frame     0x000000        0x61c build/XC16_24FJ256GA110/debug/_ext/695812370/ff.o
 .debug_frame     0x00061c        0x172 build/XC16_24FJ256GA110/debug/_ext/695812370/diskio.o
 .debug_frame     0x00078e         0x96 build/XC16_24FJ256GA110/debug/_ext/1510298835/mcc.o
 .debug_frame     0x000824         0x34 build/XC16_24FJ256GA110/debug/_ext/695812370/ccsbcs.o
 .debug_frame     0x000858        0x3f6 build/XC16_24FJ256GA110/debug/_ext/95349475/usb_host.o
 .debug_frame     0x000c4e        0x28c build/XC16_24FJ256GA110/debug/_ext/95349475/usb_host_hid.o
 .debug_frame     0x000eda         0xd4 build/XC16_24FJ256GA110/debug/_ext/95349475/usb_host_hid_parser.o
 .debug_frame     0x000fae         0x24 build/XC16_24FJ256GA110/debug/main.o
 .debug_frame     0x000fd2         0xca build/XC16_24FJ256GA110/debug/system.o
 .debug_frame     0x00109c         0xa4 build/XC16_24FJ256GA110/debug/traps.o
 .debug_frame     0x001140        0x25c build/XC16_24FJ256GA110/debug/user.o
 .debug_frame     0x00139c         0x9e build/XC16_24FJ256GA110/debug/_ext/794497298/app_host_hid_keyboard.o

.debug_str        0x000000        0x942
 *(.debug_str)
 .debug_str       0x000000         0x11 build/XC16_24FJ256GA110/debug/_ext/695812370/ff.o
 .debug_str       0x000011          0x9 build/XC16_24FJ256GA110/debug/_ext/695812370/diskio.o
 .debug_str       0x00001a         0x35 build/XC16_24FJ256GA110/debug/_ext/1510298835/mcc.o
 .debug_str       0x00004f        0x25f build/XC16_24FJ256GA110/debug/_ext/95349475/usb_host.o
 .debug_str       0x0002ae        0x1f3 build/XC16_24FJ256GA110/debug/_ext/95349475/usb_host_hid.o
 .debug_str       0x0004a1         0xd8 build/XC16_24FJ256GA110/debug/_ext/95349475/usb_host_hid_parser.o
 .debug_str       0x000579          0x9 build/XC16_24FJ256GA110/debug/system.o
 .debug_str       0x000582          0xc build/XC16_24FJ256GA110/debug/traps.o
 .debug_str       0x00058e        0x2da build/XC16_24FJ256GA110/debug/user.o
 .debug_str       0x000868         0xda build/XC16_24FJ256GA110/debug/_ext/794497298/app_host_hid_keyboard.o

.debug_loc
 *(.debug_loc)

.debug_macinfo
 *(.debug_macinfo)

.debug_pubnames
                  0x000000        0xfc5
 *(.debug_pubnames)
 .debug_pubnames
                  0x000000         0xb5 build/XC16_24FJ256GA110/debug/_ext/695812370/ff.o
 .debug_pubnames
                  0x0000b5         0x62 build/XC16_24FJ256GA110/debug/_ext/695812370/diskio.o
 .debug_pubnames
                  0x000117         0xc1 build/XC16_24FJ256GA110/debug/_ext/1510298835/mcc.o
 .debug_pubnames
                  0x0001d8         0x31 build/XC16_24FJ256GA110/debug/_ext/695812370/ccsbcs.o
 .debug_pubnames
                  0x000209         0x33 build/XC16_24FJ256GA110/debug/_ext/794497298/usb_config.o
 .debug_pubnames
                  0x00023c        0x40b build/XC16_24FJ256GA110/debug/_ext/95349475/usb_host.o
 .debug_pubnames
                  0x000647        0x205 build/XC16_24FJ256GA110/debug/_ext/95349475/usb_host_hid.o
 .debug_pubnames
                  0x00084c         0x7c build/XC16_24FJ256GA110/debug/_ext/95349475/usb_host_hid_parser.o
 .debug_pubnames
                  0x0008c8         0x1b build/XC16_24FJ256GA110/debug/main.o
 .debug_pubnames
                  0x0008e3         0xcb build/XC16_24FJ256GA110/debug/system.o
 .debug_pubnames
                  0x0009ae         0xbe build/XC16_24FJ256GA110/debug/traps.o
 .debug_pubnames
                  0x000a6c        0x4e4 build/XC16_24FJ256GA110/debug/user.o
 .debug_pubnames
                  0x000f50         0x75 build/XC16_24FJ256GA110/debug/_ext/794497298/app_host_hid_keyboard.o

.debug_ranges
 *(.debug_ranges)

.debug_aranges    0x000000        0x140
 *(.debug_aranges)
 .debug_aranges
                  0x000000         0x18 build/XC16_24FJ256GA110/debug/_ext/695812370/ff.o
 .debug_aranges
                  0x000018         0x18 build/XC16_24FJ256GA110/debug/_ext/695812370/diskio.o
 .debug_aranges
                  0x000030         0x18 build/XC16_24FJ256GA110/debug/_ext/1510298835/mcc.o
 .debug_aranges
                  0x000048         0x18 build/XC16_24FJ256GA110/debug/_ext/695812370/ccsbcs.o
 .debug_aranges
                  0x000060         0x18 build/XC16_24FJ256GA110/debug/_ext/95349475/usb_host.o
 .debug_aranges
                  0x000078         0x18 build/XC16_24FJ256GA110/debug/_ext/95349475/usb_host_hid.o
 .debug_aranges
                  0x000090         0x18 build/XC16_24FJ256GA110/debug/_ext/95349475/usb_host_hid_parser.o
 .debug_aranges
                  0x0000a8         0x18 build/XC16_24FJ256GA110/debug/main.o
 .debug_aranges
                  0x0000c0         0x18 build/XC16_24FJ256GA110/debug/system.o
 .debug_aranges
                  0x0000d8         0x18 build/XC16_24FJ256GA110/debug/traps.o
 .debug_aranges
                  0x0000f0         0x18 build/XC16_24FJ256GA110/debug/user.o
 .debug_aranges
                  0x000108         0x18 build/XC16_24FJ256GA110/debug/_ext/794497298/app_host_hid_keyboard.o
 .debug_aranges
                  0x000120         0x20 c:/program files/microchip/xc16/v2.10/bin/bin/../../lib\libc99-pic30-elf.a(udivsi3.XX_o)
                    0x0000                  WREG0 = 0x0
                    0x0000                  _WREG0 = 0x0
                    0x0002                  WREG1 = 0x2
                    0x0002                  _WREG1 = 0x2
                    0x0004                  WREG2 = 0x4
                    0x0004                  _WREG2 = 0x4
                    0x0006                  WREG3 = 0x6
                    0x0006                  _WREG3 = 0x6
                    0x0008                  WREG4 = 0x8
                    0x0008                  _WREG4 = 0x8
                    0x000a                  WREG5 = 0xa
                    0x000a                  _WREG5 = 0xa
                    0x000c                  WREG6 = 0xc
                    0x000c                  _WREG6 = 0xc
                    0x000e                  WREG7 = 0xe
                    0x000e                  _WREG7 = 0xe
                    0x0010                  WREG8 = 0x10
                    0x0010                  _WREG8 = 0x10
                    0x0012                  WREG9 = 0x12
                    0x0012                  _WREG9 = 0x12
                    0x0014                  WREG10 = 0x14
                    0x0014                  _WREG10 = 0x14
                    0x0016                  WREG11 = 0x16
                    0x0016                  _WREG11 = 0x16
                    0x0018                  WREG12 = 0x18
                    0x0018                  _WREG12 = 0x18
                    0x001a                  WREG13 = 0x1a
                    0x001a                  _WREG13 = 0x1a
                    0x001c                  WREG14 = 0x1c
                    0x001c                  _WREG14 = 0x1c
                    0x001e                  WREG15 = 0x1e
                    0x001e                  _WREG15 = 0x1e
                    0x0020                  SPLIM = 0x20
                    0x0020                  _SPLIM = 0x20
                    0x002e                  PCL = 0x2e
                    0x002e                  _PCL = 0x2e
                    0x0030                  PCH = 0x30
                    0x0030                  _PCH = 0x30
                    0x0032                  TBLPAG = 0x32
                    0x0032                  _TBLPAG = 0x32
                    0x0034                  PSVPAG = 0x34
                    0x0034                  _PSVPAG = 0x34
                    0x0036                  RCOUNT = 0x36
                    0x0036                  _RCOUNT = 0x36
                    0x0042                  SR = 0x42
                    0x0042                  _SR = 0x42
                    0x0042                  _SRbits = 0x42
                    0x0044                  CORCON = 0x44
                    0x0044                  _CORCON = 0x44
                    0x0044                  _CORCONbits = 0x44
                    0x0052                  DISICNT = 0x52
                    0x0052                  _DISICNT = 0x52
                    0x0060                  CNEN1 = 0x60
                    0x0060                  _CNEN1 = 0x60
                    0x0060                  _CNEN1bits = 0x60
                    0x0062                  CNEN2 = 0x62
                    0x0062                  _CNEN2 = 0x62
                    0x0062                  _CNEN2bits = 0x62
                    0x0068                  CNPU1 = 0x68
                    0x0068                  _CNPU1 = 0x68
                    0x0068                  _CNPU1bits = 0x68
                    0x006a                  CNPU2 = 0x6a
                    0x006a                  _CNPU2 = 0x6a
                    0x006a                  _CNPU2bits = 0x6a
                    0x0080                  INTCON1 = 0x80
                    0x0080                  _INTCON1 = 0x80
                    0x0080                  _INTCON1bits = 0x80
                    0x0082                  INTCON2 = 0x82
                    0x0082                  _INTCON2 = 0x82
                    0x0082                  _INTCON2bits = 0x82
                    0x0084                  IFS0 = 0x84
                    0x0084                  _IFS0 = 0x84
                    0x0084                  _IFS0bits = 0x84
                    0x0086                  IFS1 = 0x86
                    0x0086                  _IFS1 = 0x86
                    0x0086                  _IFS1bits = 0x86
                    0x0088                  IFS2 = 0x88
                    0x0088                  _IFS2 = 0x88
                    0x0088                  _IFS2bits = 0x88
                    0x008a                  IFS3 = 0x8a
                    0x008a                  _IFS3 = 0x8a
                    0x008a                  _IFS3bits = 0x8a
                    0x008c                  IFS4 = 0x8c
                    0x008c                  _IFS4 = 0x8c
                    0x008c                  _IFS4bits = 0x8c
                    0x008e                  IFS5 = 0x8e
                    0x008e                  _IFS5 = 0x8e
                    0x008e                  _IFS5bits = 0x8e
                    0x0094                  IEC0 = 0x94
                    0x0094                  _IEC0 = 0x94
                    0x0094                  _IEC0bits = 0x94
                    0x0096                  IEC1 = 0x96
                    0x0096                  _IEC1 = 0x96
                    0x0096                  _IEC1bits = 0x96
                    0x0098                  IEC2 = 0x98
                    0x0098                  _IEC2 = 0x98
                    0x0098                  _IEC2bits = 0x98
                    0x009a                  IEC3 = 0x9a
                    0x009a                  _IEC3 = 0x9a
                    0x009a                  _IEC3bits = 0x9a
                    0x009c                  IEC4 = 0x9c
                    0x009c                  _IEC4 = 0x9c
                    0x009c                  _IEC4bits = 0x9c
                    0x009e                  IEC5 = 0x9e
                    0x009e                  _IEC5 = 0x9e
                    0x009e                  _IEC5bits = 0x9e
                    0x00a4                  IPC0 = 0xa4
                    0x00a4                  _IPC0 = 0xa4
                    0x00a4                  _IPC0bits = 0xa4
                    0x00a6                  IPC1 = 0xa6
                    0x00a6                  _IPC1 = 0xa6
                    0x00a6                  _IPC1bits = 0xa6
                    0x00a8                  IPC2 = 0xa8
                    0x00a8                  _IPC2 = 0xa8
                    0x00a8                  _IPC2bits = 0xa8
                    0x00aa                  IPC3 = 0xaa
                    0x00aa                  _IPC3 = 0xaa
                    0x00aa                  _IPC3bits = 0xaa
                    0x00ac                  IPC4 = 0xac
                    0x00ac                  _IPC4 = 0xac
                    0x00ac                  _IPC4bits = 0xac
                    0x00ae                  IPC5 = 0xae
                    0x00ae                  _IPC5 = 0xae
                    0x00ae                  _IPC5bits = 0xae
                    0x00b0                  IPC6 = 0xb0
                    0x00b0                  _IPC6 = 0xb0
                    0x00b0                  _IPC6bits = 0xb0
                    0x00b2                  IPC7 = 0xb2
                    0x00b2                  _IPC7 = 0xb2
                    0x00b2                  _IPC7bits = 0xb2
                    0x00b4                  IPC8 = 0xb4
                    0x00b4                  _IPC8 = 0xb4
                    0x00b4                  _IPC8bits = 0xb4
                    0x00b6                  IPC9 = 0xb6
                    0x00b6                  _IPC9 = 0xb6
                    0x00b6                  _IPC9bits = 0xb6
                    0x00b8                  IPC10 = 0xb8
                    0x00b8                  _IPC10 = 0xb8
                    0x00b8                  _IPC10bits = 0xb8
                    0x00ba                  IPC11 = 0xba
                    0x00ba                  _IPC11 = 0xba
                    0x00ba                  _IPC11bits = 0xba
                    0x00bc                  IPC12 = 0xbc
                    0x00bc                  _IPC12 = 0xbc
                    0x00bc                  _IPC12bits = 0xbc
                    0x00c2                  IPC15 = 0xc2
                    0x00c2                  _IPC15 = 0xc2
                    0x00c2                  _IPC15bits = 0xc2
                    0x00c4                  IPC16 = 0xc4
                    0x00c4                  _IPC16 = 0xc4
                    0x00c4                  _IPC16bits = 0xc4
                    0x00c8                  IPC18 = 0xc8
                    0x00c8                  _IPC18 = 0xc8
                    0x00c8                  _IPC18bits = 0xc8
                    0x00ca                  IPC19 = 0xca
                    0x00ca                  _IPC19 = 0xca
                    0x00ca                  _IPC19bits = 0xca
                    0x00ce                  IPC21 = 0xce
                    0x00ce                  _IPC21 = 0xce
                    0x00ce                  _IPC21bits = 0xce
                    0x00e0                  INTTREG = 0xe0
                    0x00e0                  _INTTREG = 0xe0
                    0x00e0                  _INTTREGbits = 0xe0
                    0x0100                  TMR1 = 0x100
                    0x0100                  _TMR1 = 0x100
                    0x0102                  PR1 = 0x102
                    0x0102                  _PR1 = 0x102
                    0x0104                  T1CON = 0x104
                    0x0104                  _T1CON = 0x104
                    0x0104                  _T1CONbits = 0x104
                    0x0106                  TMR2 = 0x106
                    0x0106                  _TMR2 = 0x106
                    0x0108                  TMR3HLD = 0x108
                    0x0108                  _TMR3HLD = 0x108
                    0x010a                  TMR3 = 0x10a
                    0x010a                  _TMR3 = 0x10a
                    0x010c                  PR2 = 0x10c
                    0x010c                  _PR2 = 0x10c
                    0x010e                  PR3 = 0x10e
                    0x010e                  _PR3 = 0x10e
                    0x0110                  T2CON = 0x110
                    0x0110                  _T2CON = 0x110
                    0x0110                  _T2CONbits = 0x110
                    0x0112                  T3CON = 0x112
                    0x0112                  _T3CON = 0x112
                    0x0112                  _T3CONbits = 0x112
                    0x0114                  TMR4 = 0x114
                    0x0114                  _TMR4 = 0x114
                    0x0116                  TMR5HLD = 0x116
                    0x0116                  _TMR5HLD = 0x116
                    0x0118                  TMR5 = 0x118
                    0x0118                  _TMR5 = 0x118
                    0x011a                  PR4 = 0x11a
                    0x011a                  _PR4 = 0x11a
                    0x011c                  PR5 = 0x11c
                    0x011c                  _PR5 = 0x11c
                    0x011e                  T4CON = 0x11e
                    0x011e                  _T4CON = 0x11e
                    0x011e                  _T4CONbits = 0x11e
                    0x0120                  T5CON = 0x120
                    0x0120                  _T5CON = 0x120
                    0x0120                  _T5CONbits = 0x120
                    0x0140                  IC1CON1 = 0x140
                    0x0140                  _IC1CON1 = 0x140
                    0x0140                  _IC1CON1bits = 0x140
                    0x0142                  IC1CON2 = 0x142
                    0x0142                  _IC1CON2 = 0x142
                    0x0142                  _IC1CON2bits = 0x142
                    0x0144                  IC1BUF = 0x144
                    0x0144                  _IC1BUF = 0x144
                    0x0146                  IC1TMR = 0x146
                    0x0146                  _IC1TMR = 0x146
                    0x0148                  IC2CON1 = 0x148
                    0x0148                  _IC2CON1 = 0x148
                    0x0148                  _IC2CON1bits = 0x148
                    0x014a                  IC2CON2 = 0x14a
                    0x014a                  _IC2CON2 = 0x14a
                    0x014a                  _IC2CON2bits = 0x14a
                    0x014c                  IC2BUF = 0x14c
                    0x014c                  _IC2BUF = 0x14c
                    0x014e                  IC2TMR = 0x14e
                    0x014e                  _IC2TMR = 0x14e
                    0x0150                  IC3CON1 = 0x150
                    0x0150                  _IC3CON1 = 0x150
                    0x0150                  _IC3CON1bits = 0x150
                    0x0152                  IC3CON2 = 0x152
                    0x0152                  _IC3CON2 = 0x152
                    0x0152                  _IC3CON2bits = 0x152
                    0x0154                  IC3BUF = 0x154
                    0x0154                  _IC3BUF = 0x154
                    0x0156                  IC3TMR = 0x156
                    0x0156                  _IC3TMR = 0x156
                    0x0158                  IC4CON1 = 0x158
                    0x0158                  _IC4CON1 = 0x158
                    0x0158                  _IC4CON1bits = 0x158
                    0x015a                  IC4CON2 = 0x15a
                    0x015a                  _IC4CON2 = 0x15a
                    0x015a                  _IC4CON2bits = 0x15a
                    0x015c                  IC4BUF = 0x15c
                    0x015c                  _IC4BUF = 0x15c
                    0x015e                  IC4TMR = 0x15e
                    0x015e                  _IC4TMR = 0x15e
                    0x0160                  IC5CON1 = 0x160
                    0x0160                  _IC5CON1 = 0x160
                    0x0160                  _IC5CON1bits = 0x160
                    0x0162                  IC5CON2 = 0x162
                    0x0162                  _IC5CON2 = 0x162
                    0x0162                  _IC5CON2bits = 0x162
                    0x0164                  IC5BUF = 0x164
                    0x0164                  _IC5BUF = 0x164
                    0x0166                  IC5TMR = 0x166
                    0x0166                  _IC5TMR = 0x166
                    0x0190                  OC1CON1 = 0x190
                    0x0190                  _OC1CON1 = 0x190
                    0x0190                  _OC1CON1bits = 0x190
                    0x0192                  OC1CON2 = 0x192
                    0x0192                  _OC1CON2 = 0x192
                    0x0192                  _OC1CON2bits = 0x192
                    0x0194                  OC1RS = 0x194
                    0x0194                  _OC1RS = 0x194
                    0x0196                  OC1R = 0x196
                    0x0196                  _OC1R = 0x196
                    0x0198                  OC1TMR = 0x198
                    0x0198                  _OC1TMR = 0x198
                    0x019a                  OC2CON1 = 0x19a
                    0x019a                  _OC2CON1 = 0x19a
                    0x019a                  _OC2CON1bits = 0x19a
                    0x019c                  OC2CON2 = 0x19c
                    0x019c                  _OC2CON2 = 0x19c
                    0x019c                  _OC2CON2bits = 0x19c
                    0x019e                  OC2RS = 0x19e
                    0x019e                  _OC2RS = 0x19e
                    0x01a0                  OC2R = 0x1a0
                    0x01a0                  _OC2R = 0x1a0
                    0x01a2                  OC2TMR = 0x1a2
                    0x01a2                  _OC2TMR = 0x1a2
                    0x01a4                  OC3CON1 = 0x1a4
                    0x01a4                  _OC3CON1 = 0x1a4
                    0x01a4                  _OC3CON1bits = 0x1a4
                    0x01a6                  OC3CON2 = 0x1a6
                    0x01a6                  _OC3CON2 = 0x1a6
                    0x01a6                  _OC3CON2bits = 0x1a6
                    0x01a8                  OC3RS = 0x1a8
                    0x01a8                  _OC3RS = 0x1a8
                    0x01aa                  OC3R = 0x1aa
                    0x01aa                  _OC3R = 0x1aa
                    0x01ac                  OC3TMR = 0x1ac
                    0x01ac                  _OC3TMR = 0x1ac
                    0x01ae                  OC4CON1 = 0x1ae
                    0x01ae                  _OC4CON1 = 0x1ae
                    0x01ae                  _OC4CON1bits = 0x1ae
                    0x01b0                  OC4CON2 = 0x1b0
                    0x01b0                  _OC4CON2 = 0x1b0
                    0x01b0                  _OC4CON2bits = 0x1b0
                    0x01b2                  OC4RS = 0x1b2
                    0x01b2                  _OC4RS = 0x1b2
                    0x01b4                  OC4R = 0x1b4
                    0x01b4                  _OC4R = 0x1b4
                    0x01b6                  OC4TMR = 0x1b6
                    0x01b6                  _OC4TMR = 0x1b6
                    0x01b8                  OC5CON1 = 0x1b8
                    0x01b8                  _OC5CON1 = 0x1b8
                    0x01b8                  _OC5CON1bits = 0x1b8
                    0x01ba                  OC5CON2 = 0x1ba
                    0x01ba                  _OC5CON2 = 0x1ba
                    0x01ba                  _OC5CON2bits = 0x1ba
                    0x01bc                  OC5RS = 0x1bc
                    0x01bc                  _OC5RS = 0x1bc
                    0x01be                  OC5R = 0x1be
                    0x01be                  _OC5R = 0x1be
                    0x01c0                  OC5TMR = 0x1c0
                    0x01c0                  _OC5TMR = 0x1c0
                    0x0200                  I2C1RCV = 0x200
                    0x0200                  _I2C1RCV = 0x200
                    0x0202                  I2C1TRN = 0x202
                    0x0202                  _I2C1TRN = 0x202
                    0x0204                  I2C1BRG = 0x204
                    0x0204                  _I2C1BRG = 0x204
                    0x0206                  I2C1CON = 0x206
                    0x0206                  _I2C1CON = 0x206
                    0x0206                  _I2C1CONbits = 0x206
                    0x0208                  I2C1STAT = 0x208
                    0x0208                  _I2C1STAT = 0x208
                    0x0208                  _I2C1STATbits = 0x208
                    0x020a                  I2C1ADD = 0x20a
                    0x020a                  _I2C1ADD = 0x20a
                    0x020c                  I2C1MSK = 0x20c
                    0x020c                  _I2C1MSK = 0x20c
                    0x0210                  I2C2RCV = 0x210
                    0x0210                  _I2C2RCV = 0x210
                    0x0212                  I2C2TRN = 0x212
                    0x0212                  _I2C2TRN = 0x212
                    0x0214                  I2C2BRG = 0x214
                    0x0214                  _I2C2BRG = 0x214
                    0x0216                  I2C2CON = 0x216
                    0x0216                  _I2C2CON = 0x216
                    0x0216                  _I2C2CONbits = 0x216
                    0x0218                  I2C2STAT = 0x218
                    0x0218                  _I2C2STAT = 0x218
                    0x0218                  _I2C2STATbits = 0x218
                    0x021a                  I2C2ADD = 0x21a
                    0x021a                  _I2C2ADD = 0x21a
                    0x021c                  I2C2MSK = 0x21c
                    0x021c                  _I2C2MSK = 0x21c
                    0x0220                  U1MODE = 0x220
                    0x0220                  _U1MODE = 0x220
                    0x0220                  _U1MODEbits = 0x220
                    0x0222                  U1STA = 0x222
                    0x0222                  _U1STA = 0x222
                    0x0222                  _U1STAbits = 0x222
                    0x0224                  U1TXREG = 0x224
                    0x0224                  _U1TXREG = 0x224
                    0x0224                  _U1TXREGbits = 0x224
                    0x0226                  U1RXREG = 0x226
                    0x0226                  _U1RXREG = 0x226
                    0x0226                  _U1RXREGbits = 0x226
                    0x0228                  U1BRG = 0x228
                    0x0228                  _U1BRG = 0x228
                    0x0230                  U2MODE = 0x230
                    0x0230                  _U2MODE = 0x230
                    0x0230                  _U2MODEbits = 0x230
                    0x0232                  U2STA = 0x232
                    0x0232                  _U2STA = 0x232
                    0x0232                  _U2STAbits = 0x232
                    0x0234                  U2TXREG = 0x234
                    0x0234                  _U2TXREG = 0x234
                    0x0234                  _U2TXREGbits = 0x234
                    0x0236                  U2RXREG = 0x236
                    0x0236                  _U2RXREG = 0x236
                    0x0236                  _U2RXREGbits = 0x236
                    0x0238                  U2BRG = 0x238
                    0x0238                  _U2BRG = 0x238
                    0x0240                  SPI1STAT = 0x240
                    0x0240                  _SPI1STAT = 0x240
                    0x0240                  _SPI1STATbits = 0x240
                    0x0242                  SPI1CON1 = 0x242
                    0x0242                  _SPI1CON1 = 0x242
                    0x0242                  _SPI1CON1bits = 0x242
                    0x0244                  SPI1CON2 = 0x244
                    0x0244                  _SPI1CON2 = 0x244
                    0x0244                  _SPI1CON2bits = 0x244
                    0x0248                  SPI1BUF = 0x248
                    0x0248                  _SPI1BUF = 0x248
                    0x0260                  SPI2STAT = 0x260
                    0x0260                  _SPI2STAT = 0x260
                    0x0260                  _SPI2STATbits = 0x260
                    0x0262                  SPI2CON1 = 0x262
                    0x0262                  _SPI2CON1 = 0x262
                    0x0262                  _SPI2CON1bits = 0x262
                    0x0264                  SPI2CON2 = 0x264
                    0x0264                  _SPI2CON2 = 0x264
                    0x0264                  _SPI2CON2bits = 0x264
                    0x0268                  SPI2BUF = 0x268
                    0x0268                  _SPI2BUF = 0x268
                    0x02c0                  TRISA = 0x2c0
                    0x02c0                  _TRISA = 0x2c0
                    0x02c0                  _TRISAbits = 0x2c0
                    0x02c2                  PORTA = 0x2c2
                    0x02c2                  _PORTA = 0x2c2
                    0x02c2                  _PORTAbits = 0x2c2
                    0x02c4                  LATA = 0x2c4
                    0x02c4                  _LATA = 0x2c4
                    0x02c4                  _LATAbits = 0x2c4
                    0x02c6                  ODCA = 0x2c6
                    0x02c6                  _ODCA = 0x2c6
                    0x02c6                  _ODCAbits = 0x2c6
                    0x02c8                  TRISB = 0x2c8
                    0x02c8                  _TRISB = 0x2c8
                    0x02c8                  _TRISBbits = 0x2c8
                    0x02ca                  PORTB = 0x2ca
                    0x02ca                  _PORTB = 0x2ca
                    0x02ca                  _PORTBbits = 0x2ca
                    0x02cc                  LATB = 0x2cc
                    0x02cc                  _LATB = 0x2cc
                    0x02cc                  _LATBbits = 0x2cc
                    0x02ce                  ODCB = 0x2ce
                    0x02ce                  _ODCB = 0x2ce
                    0x02ce                  _ODCBbits = 0x2ce
                    0x02fc                  PADCFG1 = 0x2fc
                    0x02fc                  _PADCFG1 = 0x2fc
                    0x02fc                  _PADCFG1bits = 0x2fc
                    0x0300                  ADC1BUF0 = 0x300
                    0x0300                  _ADC1BUF0 = 0x300
                    0x0302                  ADC1BUF1 = 0x302
                    0x0302                  _ADC1BUF1 = 0x302
                    0x0304                  ADC1BUF2 = 0x304
                    0x0304                  _ADC1BUF2 = 0x304
                    0x0306                  ADC1BUF3 = 0x306
                    0x0306                  _ADC1BUF3 = 0x306
                    0x0308                  ADC1BUF4 = 0x308
                    0x0308                  _ADC1BUF4 = 0x308
                    0x030a                  ADC1BUF5 = 0x30a
                    0x030a                  _ADC1BUF5 = 0x30a
                    0x030c                  ADC1BUF6 = 0x30c
                    0x030c                  _ADC1BUF6 = 0x30c
                    0x030e                  ADC1BUF7 = 0x30e
                    0x030e                  _ADC1BUF7 = 0x30e
                    0x0310                  ADC1BUF8 = 0x310
                    0x0310                  _ADC1BUF8 = 0x310
                    0x0312                  ADC1BUF9 = 0x312
                    0x0312                  _ADC1BUF9 = 0x312
                    0x0314                  ADC1BUFA = 0x314
                    0x0314                  _ADC1BUFA = 0x314
                    0x0316                  ADC1BUFB = 0x316
                    0x0316                  _ADC1BUFB = 0x316
                    0x0318                  ADC1BUFC = 0x318
                    0x0318                  _ADC1BUFC = 0x318
                    0x031a                  ADC1BUFD = 0x31a
                    0x031a                  _ADC1BUFD = 0x31a
                    0x031c                  ADC1BUFE = 0x31c
                    0x031c                  _ADC1BUFE = 0x31c
                    0x031e                  ADC1BUFF = 0x31e
                    0x031e                  _ADC1BUFF = 0x31e
                    0x0320                  AD1CON1 = 0x320
                    0x0320                  _AD1CON1 = 0x320
                    0x0320                  _AD1CON1bits = 0x320
                    0x0322                  AD1CON2 = 0x322
                    0x0322                  _AD1CON2 = 0x322
                    0x0322                  _AD1CON2bits = 0x322
                    0x0324                  AD1CON3 = 0x324
                    0x0324                  _AD1CON3 = 0x324
                    0x0324                  _AD1CON3bits = 0x324
                    0x0328                  AD1CHS = 0x328
                    0x0328                  _AD1CHS = 0x328
                    0x0328                  _AD1CHSbits = 0x328
                    0x0328                  AD1CHS0 = 0x328
                    0x0328                  _AD1CHS0 = 0x328
                    0x0328                  _AD1CHS0bits = 0x328
                    0x032c                  AD1PCFG = 0x32c
                    0x032c                  _AD1PCFG = 0x32c
                    0x032c                  _AD1PCFGbits = 0x32c
                    0x032c                  AD1PCFGL = 0x32c
                    0x032c                  _AD1PCFGL = 0x32c
                    0x032c                  _AD1PCFGLbits = 0x32c
                    0x0330                  AD1CSSL = 0x330
                    0x0330                  _AD1CSSL = 0x330
                    0x0330                  _AD1CSSLbits = 0x330
                    0x033c                  CTMUCON = 0x33c
                    0x033c                  _CTMUCON = 0x33c
                    0x033c                  _CTMUCONbits = 0x33c
                    0x033e                  CTMUICON = 0x33e
                    0x033e                  _CTMUICON = 0x33e
                    0x033e                  _CTMUICONbits = 0x33e
                    0x0480                  U1OTGIR = 0x480
                    0x0480                  _U1OTGIR = 0x480
                    0x0480                  _U1OTGIRbits = 0x480
                    0x0482                  U1OTGIE = 0x482
                    0x0482                  _U1OTGIE = 0x482
                    0x0482                  _U1OTGIEbits = 0x482
                    0x0484                  U1OTGSTAT = 0x484
                    0x0484                  _U1OTGSTAT = 0x484
                    0x0484                  _U1OTGSTATbits = 0x484
                    0x0486                  U1OTGCON = 0x486
                    0x0486                  _U1OTGCON = 0x486
                    0x0486                  _U1OTGCONbits = 0x486
                    0x0488                  U1PWRC = 0x488
                    0x0488                  _U1PWRC = 0x488
                    0x0488                  _U1PWRCbits = 0x488
                    0x048a                  U1IR = 0x48a
                    0x048a                  _U1IR = 0x48a
                    0x048a                  _U1IRbits = 0x48a
                    0x048c                  U1IE = 0x48c
                    0x048c                  _U1IE = 0x48c
                    0x048c                  _U1IEbits = 0x48c
                    0x048e                  U1EIR = 0x48e
                    0x048e                  _U1EIR = 0x48e
                    0x048e                  _U1EIRbits = 0x48e
                    0x0490                  U1EIE = 0x490
                    0x0490                  _U1EIE = 0x490
                    0x0490                  _U1EIEbits = 0x490
                    0x0492                  U1STAT = 0x492
                    0x0492                  _U1STAT = 0x492
                    0x0492                  _U1STATbits = 0x492
                    0x0494                  U1CON = 0x494
                    0x0494                  _U1CON = 0x494
                    0x0494                  _U1CONbits = 0x494
                    0x0496                  U1ADDR = 0x496
                    0x0496                  _U1ADDR = 0x496
                    0x0496                  _U1ADDRbits = 0x496
                    0x0498                  U1BDTP1 = 0x498
                    0x0498                  _U1BDTP1 = 0x498
                    0x0498                  _U1BDTP1bits = 0x498
                    0x049a                  U1FRML = 0x49a
                    0x049a                  _U1FRML = 0x49a
                    0x049a                  _U1FRMLbits = 0x49a
                    0x049c                  U1FRMH = 0x49c
                    0x049c                  _U1FRMH = 0x49c
                    0x049c                  _U1FRMHbits = 0x49c
                    0x049e                  U1TOK = 0x49e
                    0x049e                  _U1TOK = 0x49e
                    0x049e                  _U1TOKbits = 0x49e
                    0x04a0                  U1SOF = 0x4a0
                    0x04a0                  _U1SOF = 0x4a0
                    0x04a0                  _U1SOFbits = 0x4a0
                    0x04a6                  U1CNFG1 = 0x4a6
                    0x04a6                  _U1CNFG1 = 0x4a6
                    0x04a6                  _U1CNFG1bits = 0x4a6
                    0x04a8                  U1CNFG2 = 0x4a8
                    0x04a8                  _U1CNFG2 = 0x4a8
                    0x04a8                  _U1CNFG2bits = 0x4a8
                    0x04aa                  U1EP0 = 0x4aa
                    0x04aa                  _U1EP0 = 0x4aa
                    0x04aa                  _U1EP0bits = 0x4aa
                    0x04ac                  U1EP1 = 0x4ac
                    0x04ac                  _U1EP1 = 0x4ac
                    0x04ac                  _U1EP1bits = 0x4ac
                    0x04ae                  U1EP2 = 0x4ae
                    0x04ae                  _U1EP2 = 0x4ae
                    0x04ae                  _U1EP2bits = 0x4ae
                    0x04b0                  U1EP3 = 0x4b0
                    0x04b0                  _U1EP3 = 0x4b0
                    0x04b0                  _U1EP3bits = 0x4b0
                    0x04b2                  U1EP4 = 0x4b2
                    0x04b2                  _U1EP4 = 0x4b2
                    0x04b2                  _U1EP4bits = 0x4b2
                    0x04b4                  U1EP5 = 0x4b4
                    0x04b4                  _U1EP5 = 0x4b4
                    0x04b4                  _U1EP5bits = 0x4b4
                    0x04b6                  U1EP6 = 0x4b6
                    0x04b6                  _U1EP6 = 0x4b6
                    0x04b6                  _U1EP6bits = 0x4b6
                    0x04b8                  U1EP7 = 0x4b8
                    0x04b8                  _U1EP7 = 0x4b8
                    0x04b8                  _U1EP7bits = 0x4b8
                    0x04ba                  U1EP8 = 0x4ba
                    0x04ba                  _U1EP8 = 0x4ba
                    0x04ba                  _U1EP8bits = 0x4ba
                    0x04bc                  U1EP9 = 0x4bc
                    0x04bc                  _U1EP9 = 0x4bc
                    0x04bc                  _U1EP9bits = 0x4bc
                    0x04be                  U1EP10 = 0x4be
                    0x04be                  _U1EP10 = 0x4be
                    0x04be                  _U1EP10bits = 0x4be
                    0x04c0                  U1EP11 = 0x4c0
                    0x04c0                  _U1EP11 = 0x4c0
                    0x04c0                  _U1EP11bits = 0x4c0
                    0x04c2                  U1EP12 = 0x4c2
                    0x04c2                  _U1EP12 = 0x4c2
                    0x04c2                  _U1EP12bits = 0x4c2
                    0x04c4                  U1EP13 = 0x4c4
                    0x04c4                  _U1EP13 = 0x4c4
                    0x04c4                  _U1EP13bits = 0x4c4
                    0x04c6                  U1EP14 = 0x4c6
                    0x04c6                  _U1EP14 = 0x4c6
                    0x04c6                  _U1EP14bits = 0x4c6
                    0x04c8                  U1EP15 = 0x4c8
                    0x04c8                  _U1EP15 = 0x4c8
                    0x04c8                  _U1EP15bits = 0x4c8
                    0x04cc                  U1PWMRRS = 0x4cc
                    0x04cc                  _U1PWMRRS = 0x4cc
                    0x04cc                  _U1PWMRRSbits = 0x4cc
                    0x04ce                  U1PWMCON = 0x4ce
                    0x04ce                  _U1PWMCON = 0x4ce
                    0x04ce                  _U1PWMCONbits = 0x4ce
                    0x0600                  PMCON = 0x600
                    0x0600                  _PMCON = 0x600
                    0x0600                  _PMCONbits = 0x600
                    0x0602                  PMMODE = 0x602
                    0x0602                  _PMMODE = 0x602
                    0x0602                  _PMMODEbits = 0x602
                    0x0604                  PMADDR = 0x604
                    0x0604                  _PMADDR = 0x604
                    0x0604                  _PMADDRbits = 0x604
                    0x0604                  PMDOUT1 = 0x604
                    0x0604                  _PMDOUT1 = 0x604
                    0x0604                  _PMDOUT1bits = 0x604
                    0x0606                  PMDOUT2 = 0x606
                    0x0606                  _PMDOUT2 = 0x606
                    0x0608                  PMDIN1 = 0x608
                    0x0608                  _PMDIN1 = 0x608
                    0x060a                  PMDIN2 = 0x60a
                    0x060a                  _PMDIN2 = 0x60a
                    0x060c                  PMAEN = 0x60c
                    0x060c                  _PMAEN = 0x60c
                    0x060c                  _PMAENbits = 0x60c
                    0x060e                  PMSTAT = 0x60e
                    0x060e                  _PMSTAT = 0x60e
                    0x060e                  _PMSTATbits = 0x60e
                    0x0620                  ALRMVAL = 0x620
                    0x0620                  _ALRMVAL = 0x620
                    0x0622                  ALCFGRPT = 0x622
                    0x0622                  _ALCFGRPT = 0x622
                    0x0622                  _ALCFGRPTbits = 0x622
                    0x0624                  RTCVAL = 0x624
                    0x0624                  _RTCVAL = 0x624
                    0x0626                  RCFGCAL = 0x626
                    0x0626                  _RCFGCAL = 0x626
                    0x0626                  _RCFGCALbits = 0x626
                    0x0640                  CRCCON = 0x640
                    0x0640                  _CRCCON = 0x640
                    0x0640                  _CRCCONbits = 0x640
                    0x0640                  CRCCON1 = 0x640
                    0x0640                  _CRCCON1 = 0x640
                    0x0640                  _CRCCON1bits = 0x640
                    0x0642                  CRCCON2 = 0x642
                    0x0642                  _CRCCON2 = 0x642
                    0x0642                  _CRCCON2bits = 0x642
                    0x0644                  CRCXOR = 0x644
                    0x0644                  _CRCXOR = 0x644
                    0x0644                  _CRCXORbits = 0x644
                    0x0644                  CRCXORL = 0x644
                    0x0644                  _CRCXORL = 0x644
                    0x0644                  _CRCXORLbits = 0x644
                    0x0646                  CRCXORH = 0x646
                    0x0646                  _CRCXORH = 0x646
                    0x0646                  _CRCXORHbits = 0x646
                    0x0648                  CRCDAT = 0x648
                    0x0648                  _CRCDAT = 0x648
                    0x0648                  CRCDAT32 = 0x648
                    0x0648                  _CRCDAT32 = 0x648
                    0x0648                  CRCDAT8 = 0x648
                    0x0648                  _CRCDAT8 = 0x648
                    0x0648                  CRCDATL = 0x648
                    0x0648                  _CRCDATL = 0x648
                    0x064a                  CRCDATH = 0x64a
                    0x064a                  _CRCDATH = 0x64a
                    0x064c                  CRCWDAT = 0x64c
                    0x064c                  _CRCWDAT = 0x64c
                    0x064c                  CRCWDATL = 0x64c
                    0x064c                  _CRCWDATL = 0x64c
                    0x064e                  CRCWDATH = 0x64e
                    0x064e                  _CRCWDATH = 0x64e
                    0x0650                  CMSTAT = 0x650
                    0x0650                  _CMSTAT = 0x650
                    0x0650                  _CMSTATbits = 0x650
                    0x0652                  CVRCON = 0x652
                    0x0652                  _CVRCON = 0x652
                    0x0652                  _CVRCONbits = 0x652
                    0x0654                  CM1CON = 0x654
                    0x0654                  _CM1CON = 0x654
                    0x0654                  _CM1CONbits = 0x654
                    0x065c                  CM2CON = 0x65c
                    0x065c                  _CM2CON = 0x65c
                    0x065c                  _CM2CONbits = 0x65c
                    0x0664                  CM3CON = 0x664
                    0x0664                  _CM3CON = 0x664
                    0x0664                  _CM3CONbits = 0x664
                    0x0680                  RPINR0 = 0x680
                    0x0680                  _RPINR0 = 0x680
                    0x0680                  _RPINR0bits = 0x680
                    0x0682                  RPINR1 = 0x682
                    0x0682                  _RPINR1 = 0x682
                    0x0682                  _RPINR1bits = 0x682
                    0x0686                  RPINR3 = 0x686
                    0x0686                  _RPINR3 = 0x686
                    0x0686                  _RPINR3bits = 0x686
                    0x0688                  RPINR4 = 0x688
                    0x0688                  _RPINR4 = 0x688
                    0x0688                  _RPINR4bits = 0x688
                    0x068e                  RPINR7 = 0x68e
                    0x068e                  _RPINR7 = 0x68e
                    0x068e                  _RPINR7bits = 0x68e
                    0x0690                  RPINR8 = 0x690
                    0x0690                  _RPINR8 = 0x690
                    0x0690                  _RPINR8bits = 0x690
                    0x0692                  RPINR9 = 0x692
                    0x0692                  _RPINR9 = 0x692
                    0x0692                  _RPINR9bits = 0x692
                    0x0696                  RPINR11 = 0x696
                    0x0696                  _RPINR11 = 0x696
                    0x0696                  _RPINR11bits = 0x696
                    0x06a4                  RPINR18 = 0x6a4
                    0x06a4                  _RPINR18 = 0x6a4
                    0x06a4                  _RPINR18bits = 0x6a4
                    0x06a6                  RPINR19 = 0x6a6
                    0x06a6                  _RPINR19 = 0x6a6
                    0x06a6                  _RPINR19bits = 0x6a6
                    0x06a8                  RPINR20 = 0x6a8
                    0x06a8                  _RPINR20 = 0x6a8
                    0x06a8                  _RPINR20bits = 0x6a8
                    0x06aa                  RPINR21 = 0x6aa
                    0x06aa                  _RPINR21 = 0x6aa
                    0x06aa                  _RPINR21bits = 0x6aa
                    0x06ac                  RPINR22 = 0x6ac
                    0x06ac                  _RPINR22 = 0x6ac
                    0x06ac                  _RPINR22bits = 0x6ac
                    0x06ae                  RPINR23 = 0x6ae
                    0x06ae                  _RPINR23 = 0x6ae
                    0x06ae                  _RPINR23bits = 0x6ae
                    0x06c0                  RPOR0 = 0x6c0
                    0x06c0                  _RPOR0 = 0x6c0
                    0x06c0                  _RPOR0bits = 0x6c0
                    0x06c2                  RPOR1 = 0x6c2
                    0x06c2                  _RPOR1 = 0x6c2
                    0x06c2                  _RPOR1bits = 0x6c2
                    0x06c4                  RPOR2 = 0x6c4
                    0x06c4                  _RPOR2 = 0x6c4
                    0x06c4                  _RPOR2bits = 0x6c4
                    0x06c6                  RPOR3 = 0x6c6
                    0x06c6                  _RPOR3 = 0x6c6
                    0x06c6                  _RPOR3bits = 0x6c6
                    0x06c8                  RPOR4 = 0x6c8
                    0x06c8                  _RPOR4 = 0x6c8
                    0x06c8                  _RPOR4bits = 0x6c8
                    0x06ca                  RPOR5 = 0x6ca
                    0x06ca                  _RPOR5 = 0x6ca
                    0x06ca                  _RPOR5bits = 0x6ca
                    0x06cc                  RPOR6 = 0x6cc
                    0x06cc                  _RPOR6 = 0x6cc
                    0x06cc                  _RPOR6bits = 0x6cc
                    0x06ce                  RPOR7 = 0x6ce
                    0x06ce                  _RPOR7 = 0x6ce
                    0x06ce                  _RPOR7bits = 0x6ce
                    0x0740                  RCON = 0x740
                    0x0740                  _RCON = 0x740
                    0x0740                  _RCONbits = 0x740
                    0x0742                  OSCCON = 0x742
                    0x0742                  _OSCCON = 0x742
                    0x0742                  _OSCCONbits = 0x742
                    0x0742                  OSCCONL = 0x742
                    0x0742                  _OSCCONL = 0x742
                    0x0743                  OSCCONH = 0x743
                    0x0743                  _OSCCONH = 0x743
                    0x0744                  CLKDIV = 0x744
                    0x0744                  _CLKDIV = 0x744
                    0x0744                  _CLKDIVbits = 0x744
                    0x0748                  OSCTUN = 0x748
                    0x0748                  _OSCTUN = 0x748
                    0x0748                  _OSCTUNbits = 0x748
                    0x074e                  REFOCON = 0x74e
                    0x074e                  _REFOCON = 0x74e
                    0x074e                  _REFOCONbits = 0x74e
                    0x0758                  DSCON = 0x758
                    0x0758                  _DSCON = 0x758
                    0x0758                  _DSCONbits = 0x758
                    0x075a                  DSWAKE = 0x75a
                    0x075a                  _DSWAKE = 0x75a
                    0x075a                  _DSWAKEbits = 0x75a
                    0x075c                  DSGPR0 = 0x75c
                    0x075c                  _DSGPR0 = 0x75c
                    0x075c                  _DSGPR0bits = 0x75c
                    0x075e                  DSGPR1 = 0x75e
                    0x075e                  _DSGPR1 = 0x75e
                    0x075e                  _DSGPR1bits = 0x75e
                    0x0760                  NVMCON = 0x760
                    0x0760                  _NVMCON = 0x760
                    0x0760                  _NVMCONbits = 0x760
                    0x0766                  NVMKEY = 0x766
                    0x0766                  _NVMKEY = 0x766
                    0x0770                  PMD1 = 0x770
                    0x0770                  _PMD1 = 0x770
                    0x0770                  _PMD1bits = 0x770
                    0x0772                  PMD2 = 0x772
                    0x0772                  _PMD2 = 0x772
                    0x0772                  _PMD2bits = 0x772
                    0x0774                  PMD3 = 0x774
                    0x0774                  _PMD3 = 0x774
                    0x0774                  _PMD3bits = 0x774
                    0x0776                  PMD4 = 0x776
                    0x0776                  _PMD4 = 0x776
                    0x0776                  _PMD4bits = 0x776
                    0x0144                  IC1 = 0x144
                    0x0144                  _IC1 = 0x144
                    0x014c                  IC2 = 0x14c
                    0x014c                  _IC2 = 0x14c
                    0x0154                  IC3 = 0x154
                    0x0154                  _IC3 = 0x154
                    0x015c                  IC4 = 0x15c
                    0x015c                  _IC4 = 0x15c
                    0x0164                  IC5 = 0x164
                    0x0164                  _IC5 = 0x164
                    0x0194                  OC1 = 0x194
                    0x0194                  _OC1 = 0x194
                    0x019e                  OC2 = 0x19e
                    0x019e                  _OC2 = 0x19e
                    0x01a8                  OC3 = 0x1a8
                    0x01a8                  _OC3 = 0x1a8
                    0x01b2                  OC4 = 0x1b2
                    0x01b2                  _OC4 = 0x1b2
                    0x01bc                  OC5 = 0x1bc
                    0x01bc                  _OC5 = 0x1bc
                    0x0240                  SPI1 = 0x240
                    0x0240                  _SPI1 = 0x240
                    0x0260                  SPI2 = 0x260
                    0x0260                  _SPI2 = 0x260
                    0x0220                  UART1 = 0x220
                    0x0220                  _UART1 = 0x220
                    0x0230                  UART2 = 0x230
                    0x0230                  _UART2 = 0x230
START GROUP
LOAD c:/program files/microchip/xc16/v2.10/bin/bin/../../lib\libc99-pic30-elf.a
LOAD c:/program files/microchip/xc16/v2.10/bin/bin/../../lib\libm-elf.a
LOAD c:/program files/microchip/xc16/v2.10/bin/bin/../../lib\libc99-elf.a
END GROUP
OUTPUT(dist/XC16_24FJ256GA110/debug/pic24FJ64GB002.X.debug.elf elf32-pic30)
LOAD jump_table
LOAD heap
LOAD data_init

.debug_pubtypes
                  0x000140       0x1336
 .debug_pubtypes
                  0x000140         0xaf build/XC16_24FJ256GA110/debug/_ext/695812370/ff.o
 .debug_pubtypes
                  0x0001ef         0x12 build/XC16_24FJ256GA110/debug/interrupts.o
 .debug_pubtypes
                  0x000201         0x92 build/XC16_24FJ256GA110/debug/_ext/695812370/diskio.o
 .debug_pubtypes
                  0x000293         0x75 build/XC16_24FJ256GA110/debug/_ext/1510298835/mcc.o
 .debug_pubtypes
                  0x000308         0x32 build/XC16_24FJ256GA110/debug/_ext/695812370/ccsbcs.o
 .debug_pubtypes
                  0x00033a         0xc1 build/XC16_24FJ256GA110/debug/_ext/794497298/usb_config.o
 .debug_pubtypes
                  0x0003fb         0x12 build/XC16_24FJ256GA110/debug/_ext/95349475/usb_hal_pic24f.o
 .debug_pubtypes
                  0x00040d        0x572 build/XC16_24FJ256GA110/debug/_ext/95349475/usb_host.o
 .debug_pubtypes
                  0x00097f        0x3a6 build/XC16_24FJ256GA110/debug/_ext/95349475/usb_host_hid.o
 .debug_pubtypes
                  0x000d25        0x1f8 build/XC16_24FJ256GA110/debug/_ext/95349475/usb_host_hid_parser.o
 .debug_pubtypes
                  0x000f1d         0x1e build/XC16_24FJ256GA110/debug/main.o
 .debug_pubtypes
                  0x000f3b         0x99 build/XC16_24FJ256GA110/debug/system.o
 .debug_pubtypes
                  0x000fd4         0x42 build/XC16_24FJ256GA110/debug/traps.o
 .debug_pubtypes
                  0x001016        0x243 build/XC16_24FJ256GA110/debug/user.o
 .debug_pubtypes
                  0x001259        0x21d build/XC16_24FJ256GA110/debug/_ext/794497298/app_host_hid_keyboard.o

__c30_signature
                  0x001476         0xba
 __c30_signature
                  0x001476          0x6 build/XC16_24FJ256GA110/debug/_ext/695812370/ff.o
 __c30_signature
                  0x00147c          0x6 build/XC16_24FJ256GA110/debug/interrupts.o
 __c30_signature
                  0x001482          0x6 build/XC16_24FJ256GA110/debug/_ext/695812370/diskio.o
 __c30_signature
                  0x001488          0x6 build/XC16_24FJ256GA110/debug/_ext/1510298835/mcc.o
 __c30_signature
                  0x00148e          0x6 build/XC16_24FJ256GA110/debug/_ext/695812370/ccsbcs.o
 __c30_signature
                  0x001494          0x6 build/XC16_24FJ256GA110/debug/_ext/794497298/usb_config.o
 __c30_signature
                  0x00149a          0x6 build/XC16_24FJ256GA110/debug/_ext/95349475/usb_hal_pic24f.o
 __c30_signature
                  0x0014a0          0x6 build/XC16_24FJ256GA110/debug/_ext/95349475/usb_host.o
 __c30_signature
                  0x0014a6          0x6 build/XC16_24FJ256GA110/debug/_ext/95349475/usb_host_hid.o
 __c30_signature
                  0x0014ac          0x6 build/XC16_24FJ256GA110/debug/_ext/95349475/usb_host_hid_parser.o
 __c30_signature
                  0x0014b2          0x6 build/XC16_24FJ256GA110/debug/main.o
 __c30_signature
                  0x0014b8          0x6 build/XC16_24FJ256GA110/debug/system.o
 __c30_signature
                  0x0014be          0x6 build/XC16_24FJ256GA110/debug/traps.o
 __c30_signature
                  0x0014c4          0x6 build/XC16_24FJ256GA110/debug/user.o
 __c30_signature
                  0x0014ca          0x6 build/XC16_24FJ256GA110/debug/_ext/794497298/app_host_hid_keyboard.o
 __c30_signature
                  0x0014d0          0x6 c:/program files/microchip/xc16/v2.10/bin/bin/../../lib\libc99-pic30-elf.a(crt0_standard.o)
 __c30_signature
                  0x0014d6          0x6 c:/program files/microchip/xc16/v2.10/bin/bin/../../lib\libc99-pic30-elf.a(data_init_standard.o)
 __c30_signature
                  0x0014dc          0x6 c:/program files/microchip/xc16/v2.10/bin/bin/../../lib\libc99-pic30-elf.a(delay32.Meo)
 __c30_signature
                  0x0014e2          0x6 c:/program files/microchip/xc16/v2.10/bin/bin/../../lib\libc99-pic30-elf.a(udivsi3.XX_o)
 __c30_signature
                  0x0014e8          0x6 c:/program files/microchip/xc16/v2.10/bin/bin/../../lib\libc99-elf.a(lite_free.XX_o)
 __c30_signature
                  0x0014ee          0x6 c:/program files/microchip/xc16/v2.10/bin/bin/../../lib\libc99-elf.a(lite_malloc.XX_o)
 __c30_signature
                  0x0014f4          0x6 c:/program files/microchip/xc16/v2.10/bin/bin/../../lib\libc99-elf.a(memcpy.XX_o)
 __c30_signature
                  0x0014fa          0x6 c:/program files/microchip/xc16/v2.10/bin/bin/../../lib\libc99-elf.a(strcpy.XX_o)
 __c30_signature
                  0x001500          0x6 c:/program files/microchip/xc16/v2.10/bin/bin/../../lib\libc99-elf.a(strlen.XX_o)
 __c30_signature
                  0x001506          0x6 c:/program files/microchip/xc16/v2.10/bin/bin/../../lib\libc99-elf.a(strrchr.XX_o)
 __c30_signature
                  0x00150c          0x6 c:/program files/microchip/xc16/v2.10/bin/bin/../../lib\libc99-elf.a(__errno_location.XX_o)
 __c30_signature
                  0x001512          0x6 c:/program files/microchip/xc16/v2.10/bin/bin/../../lib\libc99-elf.a(expand_heap.XX_o)
 __c30_signature
                  0x001518          0x6 c:/program files/microchip/xc16/v2.10/bin/bin/../../lib\libc99-elf.a(memrchr.XX_o)
 __c30_signature
                  0x00151e          0x6 c:/program files/microchip/xc16/v2.10/bin/bin/../../lib\libc99-elf.a(stpcpy.XX_o)
 __c30_signature
                  0x001524          0x6 c:/program files/microchip/xc16/v2.10/bin/bin/../../lib\libc99-pic30-elf.a(sbrk.Meo)
 __c30_signature
                  0x00152a          0x6 c:/program files/microchip/xc16/v2.10/bin/bin/../../lib\libc99-pic30-elf.a(brk.Meo)

.nbss               0x0850         0x52
 .nbss              0x0850         0x2c build/XC16_24FJ256GA110/debug/user.o
                    0x0850                  _TapeOutMode
                    0x0851                  _TapeFileState
                    0x0852                  _blockTimer
                    0x0854                  _blockCounter
                    0x0855                  _blockByte
                    0x0856                  _blockIndex
                    0x0858                  _blockOffset
                    0x085a                  _fileOffset
                    0x085c                  _blockSize
                    0x085e                  _dosState
                    0x085f                  _dosViewMask
                    0x0860                  _dosDelay
                    0x0862                  _FatFsInited
                    0x0863                  _FatFsFileOpened
                    0x0864                  _DelayBitTimer
                    0x0866                  _TapeOutVolume
                    0x0868                  _LeadToneCounter
                    0x086a                  _currentFileName
                    0x086c                  _pageSize
                    0x086d                  _pagePosition
                    0x086e                  _pageCursorPosition
                    0x086f                  _pageCursorPositionPrev
 .nbss              0x087c         0x18 build/XC16_24FJ256GA110/debug/_ext/95349475/usb_host.o
                    0x087c                  _pCurrentConfigurationDescriptor
                    0x087e                  _pDeviceDescriptor
                    0x0880                  _usbOverrideHostState
 .nbss              0x0894          0x6 build/XC16_24FJ256GA110/debug/system.o
                    0x0894                  _Timer
                    0x0896                  _rtcHour
                    0x0897                  _rtcMin
                    0x0898                  _rtcSec
 .nbss              0x089a          0x4 build/XC16_24FJ256GA110/debug/_ext/695812370/ff.o
 .nbss              0x089e          0x4 build/XC16_24FJ256GA110/debug/_ext/95349475/usb_host_hid.o

.ndata              0x08a2          0xa
 .ndata             0x08a2          0x4 build/XC16_24FJ256GA110/debug/system.o
                    0x08a2                  _rtcYear
                    0x08a3                  _rtcMon
                    0x08a4                  _rtcMday
 .ndata             0x08a6          0x4 build/XC16_24FJ256GA110/debug/user.o
                    0x08a6                  _fileNameAutoexec
                    0x08a8                  _fileNameSaveTemplate
 .ndata             0x08aa          0x2 build/XC16_24FJ256GA110/debug/_ext/695812370/diskio.o

.nbss               0x08ac          0x6
 .nbss              0x08ac          0x2 build/XC16_24FJ256GA110/debug/_ext/695812370/diskio.o
 .nbss              0x08ae          0x2 build/XC16_24FJ256GA110/debug/_ext/95349475/usb_host_hid_parser.o
                    0x08ae                  _parsedDataMem
 .nbss              0x08b0          0x2 build/XC16_24FJ256GA110/debug/_ext/794497298/app_host_hid_keyboard.o

.bss                0x08b2        0xf0c
 .bss               0x08b2        0xc68 build/XC16_24FJ256GA110/debug/user.o
                    0x08b2                  _FatFs
                    0x0ae0                  _Fil
                    0x0d00                  _blockData
                    0x1100                  _fileNameLoad
                    0x1200                  _fileNameSave
                    0x1300                  _currentDirectory
 .bss               0x151a        0x200 build/XC16_24FJ256GA110/debug/_ext/695812370/ff.o
 .bss               0x171a         0x62 build/XC16_24FJ256GA110/debug/_ext/95349475/usb_host_hid_parser.o
                    0x171a                  _deviceRptInfo
                    0x176c                  _itemListPtrs
 .bss               0x177c         0x42 build/XC16_24FJ256GA110/debug/_ext/794497298/app_host_hid_keyboard.o

_0000000005792780683db362
                    0x17be         0x2c
 _0000000005792780683db362
                    0x17be         0x2c build/XC16_24FJ256GA110/debug/_ext/95349475/usb_host_hid.o

_0000000004FE4640683db362
                    0x1800         0x10
 _0000000004FE4640683db362
                    0x1800         0x10 build/XC16_24FJ256GA110/debug/_ext/95349475/usb_host.o

.bss                0x1810         0x4a
 .bss               0x1810         0x4a build/XC16_24FJ256GA110/debug/_ext/95349475/usb_host.o

.data               0x185a         0x1a
 .data              0x185a         0x1a build/XC16_24FJ256GA110/debug/_ext/794497298/usb_config.o
                    0x185a                  _usbClientDrvTable
                    0x1864                  _usbTPL

.data               0x17ea          0xe
 .data              0x17ea          0xe build/XC16_24FJ256GA110/debug/user.o

.bss                0x17f8          0x8
 .bss               0x17f8          0x4 c:/program files/microchip/xc16/v2.10/bin/bin/../../lib\libc99-elf.a(lite_malloc.XX_o)
 .bss               0x17fc          0x2 c:/program files/microchip/xc16/v2.10/bin/bin/../../lib\libc99-elf.a(lite_free.XX_o)
                    0x17fc                  ___freelist
 .bss               0x17fe          0x2 c:/program files/microchip/xc16/v2.10/bin/bin/../../lib\libc99-elf.a(__errno_location.XX_o)
                    0x17fe                  ___errno_val

.bss                0x1874          0x2
 .bss               0x1874          0x2 c:/program files/microchip/xc16/v2.10/bin/bin/../../lib\libc99-pic30-elf.a(brk.Meo)
                    0x1874                  ___curbrk

.heap               0x1876        0x7d0
 .heap              0x1876        0x7d0 heap

.ivt._USB1Interrupt
                  0x0000c0          0x2
 .ivt._USB1Interrupt
                  0x0000c0          0x2 build/XC16_24FJ256GA110/debug/system.o

.ivt._T1Interrupt
                  0x00001a          0x2
 .ivt._T1Interrupt
                  0x00001a          0x2 build/XC16_24FJ256GA110/debug/system.o

.ivt._OscillatorFail
                  0x000006          0x2
 .ivt._OscillatorFail
                  0x000006          0x2 build/XC16_24FJ256GA110/debug/traps.o

.ivt._AddressError
                  0x000008          0x2
 .ivt._AddressError
                  0x000008          0x2 build/XC16_24FJ256GA110/debug/traps.o

.ivt._StackError
                  0x00000a          0x2
 .ivt._StackError
                  0x00000a          0x2 build/XC16_24FJ256GA110/debug/traps.o

.ivt._MathError
                  0x00000c          0x2
 .ivt._MathError
                  0x00000c          0x2 build/XC16_24FJ256GA110/debug/traps.o

.aivt._AltOscillatorFail
                  0x000106          0x2
 .aivt._AltOscillatorFail
                  0x000106          0x2 build/XC16_24FJ256GA110/debug/traps.o

.aivt._AltAddressError
                  0x000108          0x2
 .aivt._AltAddressError
                  0x000108          0x2 build/XC16_24FJ256GA110/debug/traps.o

.aivt._AltStackError
                  0x00010a          0x2
 .aivt._AltStackError
                  0x00010a          0x2 build/XC16_24FJ256GA110/debug/traps.o

.aivt._AltMathError
                  0x00010c          0x2
 .aivt._AltMathError
                  0x00010c          0x2 build/XC16_24FJ256GA110/debug/traps.o

.config_JTAGEN    0x00abfe          0x2
 .config_JTAGEN
                  0x00abfe          0x2 build/XC16_24FJ256GA110/debug/user.o

.config_IESO      0x00abfc          0x2
 .config_IESO     0x00abfc          0x2 build/XC16_24FJ256GA110/debug/user.o

.config_WPEND     0x00abfa          0x2
 .config_WPEND    0x00abfa          0x2 build/XC16_24FJ256GA110/debug/user.o

.config_DSWDTEN
                  0x00abf8          0x2
 .config_DSWDTEN
                  0x00abf8          0x2 build/XC16_24FJ256GA110/debug/user.o

.const              0x859a        0x732 load address 0x00059a  
 .const             0x859a        0x4c0 build/XC16_24FJ256GA110/debug/_ext/695812370/ccsbcs.o
 .const             0x8a5a        0x1d4 build/XC16_24FJ256GA110/debug/user.o
                    0x8a7f                  _strVer
                    0x8a8c                  _strOk
                    0x8a8f                  _strLoad
                    0x8aa2                  _strZXStrTop
                    0x8ab5                  _strZXStrFiles
                    0x8ac2                  _strZXStrInfo
                    0x8add                  _strZXStrInfoLoad
                    0x8ae5                  _strZXStrInfoSave
                    0x8aed                  _strZXStrCursor
                    0x8af1                  _strZXStrCursorPrev
                    0x8af5                  _importantKeys
                    0x8afb                  _replaceOnDelayKeyDown
                    0x8b03                  _replaceOnShiftKeyDown
                    0x8b2d                  _codeToMatrix
 .const             0x8c2e         0x9e build/XC16_24FJ256GA110/debug/_ext/695812370/ff.o

.text             0x000ccc       0x6b64
 .text            0x000ccc       0x1fbe build/XC16_24FJ256GA110/debug/_ext/95349475/usb_host.o
                  0x000ccc                  _USBHostDeviceSpecificClientDriver
                  0x000cd4                  _USBHostDeviceStatus
                  0x000d1c                  _USBHostResetDevice
                  0x000d36                  _USBHostResumeDevice
                  0x000d50                  _USBHostSuspendDevice
                  0x000d6e                  __USB_CheckCommandAndEnumerationAttempts
                  0x000da2                  __USB_FindClassDriver
                  0x000e48                  __USB_FindDeviceLevelClientDriver
                  0x000f50                  __USB_FindEndpoint
                  0x000f8c                  _USBHostTransferIsComplete
                  0x000fea                  _USBHostTerminateTransfer
                  0x001006                  _USBHostSetNAKTimeout
                  0x001032                  _USBHostClearEndpointErrors
                  0x001056                  __USB_FindServiceEndpoint
                  0x0010ee                  __USB_FreeConfigMemory
                  0x001156                  __USB_FreeMemory
                  0x00119a                  _USBHostInit
                  0x0011d6                  __USB_InitControlRead
                  0x00121e                  __USB_InitControlWrite
                  0x001270                  __USB_InitRead
                  0x0012c8                  _USBHostRead
                  0x00132c                  __USB_InitWrite
                  0x001384                  _USBHostWrite
                  0x0013e8                  __USB_NotifyClients
                  0x001470                  _USBHostShutdown
                  0x0014a2                  _USBHostVbusEvent
                  0x0014ca                  __USB_NotifyDataClients
                  0x001510                  __USB_ParseConfigurationDescriptor
                  0x00178a                  _USBHostTasks
                  0x00202a                  __USB_ResetDATA0
                  0x002068                  _USBHostIssueDeviceRequest
                  0x002170                  __USB_SendToken
                  0x0021a8                  __USB_SetBDT
                  0x0022b4                  __USB_FindNextToken
                  0x002888                  __USB_TransferInProgress
                  0x0028d2                  _USBHostSetDeviceConfiguration
                  0x00290a                  _USB_HostInterruptHandler
 .text            0x002c8a       0x1f76 build/XC16_24FJ256GA110/debug/_ext/695812370/ff.o
                  0x003910                  _clust2sect
                  0x00393e                  _get_fat
                  0x003b32                  _put_fat
                  0x0042e0                  _f_mount
                  0x00433a                  _f_open
                  0x0044aa                  _f_read
                  0x004662                  _f_write
                  0x004862                  _f_sync
                  0x0048ee                  _f_close
                  0x004908                  _f_lseek
                  0x004b32                  _f_opendir
                  0x004b9a                  _f_closedir
                  0x004bac                  _f_readdir
 .text            0x004c00        0xdaa build/XC16_24FJ256GA110/debug/user.o
                  0x004c00                  _hardwareConfig
                  0x004c56                  _fatInit
                  0x004c6c                  _fatDone
                  0x004c7c                  _dosKeyPressed
                  0x004d9e                  _SDInitialize
                  0x004da4                  _SDTasks
                  0x004da6                  _SaveConfig
                  0x004dd4                  _LoadConfig
                  0x004e0e                  _min
                  0x004e18                  _tapeInitialize
                  0x004e2e                  _tapeTasks
                  0x0050e4                  _tapeInterrupt
                  0x0052ce                  _updatePort
                  0x0052f4                  _calculateBitsFromTable
                  0x005332                  _updateKey
                  0x005398                  _myDelay
                  0x00539a                  _sendDataToAltera
                  0x0053d2                  _writeKeys
                  0x005408                  _processKeyCode
                  0x005588                  _keyboardInitialize
                  0x00559a                  _keyboardInterrupt
                  0x0055bc                  _dosSendBegin
                  0x0055cc                  _dosSendEnd
                  0x0055fa                  _dosSendData
                  0x005618                  _readDirectory
                  0x005780                  _dosInit
                  0x005794                  _dosInterrupt
                  0x00579c                  _dosTasks
                  0x00586e                  _keyboardTasks
 .text            0x0059aa        0xa5e build/XC16_24FJ256GA110/debug/_ext/95349475/usb_host_hid.o
                  0x005a9e                  _USBHostHIDDeviceStatus
                  0x005ae4                  _USBHostHIDDeviceDetect
                  0x005b0a                  _USBHostHIDRead
                  0x005b84                  _USBHostHIDReadIsComplete
                  0x005bac                  _USBHostHIDReadTerminate
                  0x005be2                  _USBHostHIDResetDevice
                  0x005c0c                  _USBHostHIDTasks
                  0x005c0e                  _USBHostHIDWrite
                  0x005cac                  _USBHostHIDWriteIsComplete
                  0x005cd4                  _USBHostHIDResetDeviceWithWait
                  0x005d0a                  _USBHostHIDWriteTerminate
                  0x005d40                  _USBHostHID_ApiFindBit
                  0x005e0a                  _USBHostHID_ApiFindValue
                  0x005f08                  _USBHostHID_ApiImportData
                  0x005fc6                  _USBHostHID_ApiGetCurrentInterfaceNum
                  0x005fcc                  _USBHostHIDEventHandler
                  0x006258                  _USBHostHIDAppDataEventHandler
                  0x00625c                  _USBHostHIDInitialize
 .text            0x006408        0xa10 build/XC16_24FJ256GA110/debug/_ext/95349475/usb_host_hid_parser.o
                  0x006662                  __USBHostHID_Parse_Report
                  0x006d2c                  _USBHostHID_HasUsage
 .text            0x006e18        0x596 build/XC16_24FJ256GA110/debug/_ext/695812370/diskio.o
                  0x006f88                  _disk_initialize
                  0x007092                  _disk_status
                  0x00709e                  _disk_read
                  0x007102                  _disk_write
                  0x00719c                  _disk_ioctl
 .text            0x0073ae        0x3b0 build/XC16_24FJ256GA110/debug/_ext/794497298/app_host_hid_keyboard.o
                  0x007502                  _APP_HostHIDKeyboardInitialize
                  0x007512                  _APP_HostHIDKeyboardTasks
                  0x007614                  _APP_HostHIDKeyboardReportParser
 .text            0x00775e         0xd2 build/XC16_24FJ256GA110/debug/_ext/1510298835/mcc.o
                  0x00775e                  _SPI1_Initialize
                  0x007792                  _SPI1_Open
                  0x0077c6                  _SPI1_Exchange8bit
                  0x0077d2                  _SPI1_Exchange8bitBuffer
                  0x007824                  _SPI1_IsBufferFull
                  0x00782a                  _SPI1_HasWriteCollisionOccured
                  0x00782e                  _SPI1_ClearWriteCollisionStatus

.dinit            0x007830         0xb8
 .dinit           0x007830         0xb8 data_init

.text             0x0078e8        0x122
 .text            0x0078e8         0x96 build/XC16_24FJ256GA110/debug/system.o
                  0x0078e8                  _SYSTEM_Initialize
                  0x0078ea                  _USB_ApplicationEventHandler
                  0x00791e                  _get_fattime
 .text            0x00797e         0x68 build/XC16_24FJ256GA110/debug/_ext/695812370/ccsbcs.o
                  0x00797e                  _ff_convert
                  0x0079c0                  _ff_wtoupper
 .text            0x0079e6         0x24 build/XC16_24FJ256GA110/debug/main.o
                  0x0079e6                  _main

.init.delay32     0x007a0a         0x1c
 .init.delay32    0x007a0a         0x1c c:/program files/microchip/xc16/v2.10/bin/bin/../../lib\libc99-pic30-elf.a(delay32.Meo)
                  0x007a0a                  ___delay32
